stage3: 1972: 87 shows
stage3: unparseable dead-sets/72/7-26-72.txt
stage3: unparseable dead-sets/72/10-24-72.txt
stage3: 1973: 73 shows
stage3: 1974: 40 shows
stage3: 1975: 4 shows
stage3: 1976: 41 shows
stage3: 1977: 60 shows
stage3: 1978: 81 shows
stage3: 1979: 76 shows
stage3: 1980: 87 shows
stage3: 1981: 86 shows
stage3: 1982: 63 shows
stage3: 1983: 66 shows
stage3: 1984: 64 shows
stage3: 1985: 71 shows
stage3: 1986: 46 shows
stage3: 1987: 86 shows
stage3: 1988: 80 shows
stage3: 1989: 73 shows
stage3: 1990: 74 shows
stage3: 1991: 77 shows
stage3: 1992: 54 shows
stage3: 1993: 82 shows
stage3: unparseable dead-sets/93/1-24-93.txt
stage3: unparseable dead-sets/93/1-25-93.txt
stage3: unparseable dead-sets/93/1-26-93.txt
stage3: unparseable dead-sets/93/2-21-93.txt
stage3: unparseable dead-sets/93/2-22-93.txt
stage3: unparseable dead-sets/93/2-23-93.txt
stage3: unparseable dead-sets/93/3-9-93.txt
stage3: unparseable dead-sets/93/3-10-93.txt
stage3: unparseable dead-sets/93/3-11-93.txt
stage3: unparseable dead-sets/93/3-14-93.txt
stage3: unparseable dead-sets/93/3-16-93.txt
stage3: unparseable dead-sets/93/3-17-93.txt
stage3: unparseable dead-sets/93/3-18-93.txt
stage3: unparseable dead-sets/93/3-20-93.txt
stage3: unparseable dead-sets/93/3-21-93.txt
stage3: unparseable dead-sets/93/3-22-93.txt
stage3: unparseable dead-sets/93/3-24-93.txt
stage3: unparseable dead-sets/93/3-25-93.txt
stage3: unparseable dead-sets/93/3-27-93.txt
stage3: unparseable dead-sets/93/3-28-93.txt
stage3: unparseable dead-sets/93/3-29-93.txt
stage3: unparseable dead-sets/93/3-31-93.txt
stage3: unparseable dead-sets/93/4-1-93.txt
stage3: unparseable dead-sets/93/4-2-93.txt
stage3: unparseable dead-sets/93/4-4-93.txt
stage3: unparseable dead-sets/93/4-5-93.txt
stage3: unparseable dead-sets/93/5-14-93.txt
stage3: unparseable dead-sets/93/5-15-93.txt
stage3: unparseable dead-sets/93/5-16-93.txt
stage3: unparseable dead-sets/93/5-21-93.txt
stage3: unparseable dead-sets/93/5-22-93.txt
stage3: unparseable dead-sets/93/5-23-93.txt
stage3: unparseable dead-sets/93/5-25-93.txt
stage3: unparseable dead-sets/93/5-26-93.txt
stage3: unparseable dead-sets/93/5-27-93.txt
stage3: unparseable dead-sets/93/6-5-93.txt
stage3: unparseable dead-sets/93/6-6-93.txt
stage3: unparseable dead-sets/93/6-8-93.txt
stage3: unparseable dead-sets/93/6-9-93.txt
stage3: unparseable dead-sets/93/6-11-93.txt
stage3: unparseable dead-sets/93/6-13-93.txt
stage3: unparseable dead-sets/93/6-15-93.txt
stage3: unparseable dead-sets/93/6-16-93.txt
stage3: unparseable dead-sets/93/6-18-93.txt
stage3: unparseable dead-sets/93/6-19-93.txt
stage3: unparseable dead-sets/93/6-21-93.txt
stage3: unparseable dead-sets/93/6-22-93.txt
stage3: unparseable dead-sets/93/6-23-93.txt
stage3: unparseable dead-sets/93/6-25-93.txt
stage3: unparseable dead-sets/93/6-26-93.txt
stage3: unparseable dead-sets/93/8-21-93.txt
stage3: unparseable dead-sets/93/8-22-93.txt
stage3: unparseable dead-sets/93/8-25-93.txt
stage3: unparseable dead-sets/93/8-26-93.txt
stage3: unparseable dead-sets/93/8-27-93.txt
stage3: unparseable dead-sets/93/9-8-93.txt
stage3: unparseable dead-sets/93/9-9-93.txt
stage3: unparseable dead-sets/93/9-10-93.txt
stage3: unparseable dead-sets/93/9-12-93.txt
stage3: unparseable dead-sets/93/9-13-93.txt
stage3: unparseable dead-sets/93/9-14-93.txt
stage3: unparseable dead-sets/93/9-16-93.txt
stage3: unparseable dead-sets/93/9-17-93.txt
stage3: unparseable dead-sets/93/9-18-93.txt
stage3: unparseable dead-sets/93/9-20-93.txt
stage3: unparseable dead-sets/93/9-21-93.txt
stage3: unparseable dead-sets/93/9-22-93.txt
stage3: unparseable dead-sets/93/9-24-93.txt
stage3: unparseable dead-sets/93/9-25-93.txt
stage3: unparseable dead-sets/93/9-26-93.txt
stage3: unparseable dead-sets/93/9-28-93.txt
stage3: unparseable dead-sets/93/9-29-93.txt
stage3: unparseable dead-sets/93/9-30-93.txt
stage3: unparseable dead-sets/93/12-8-93.txt
stage3: unparseable dead-sets/93/12-9-93.txt
stage3: unparseable dead-sets/93/12-10-93.txt
stage3: unparseable dead-sets/93/12-12-93.txt
stage3: unparseable dead-sets/93/12-13-93.txt
stage3: unparseable dead-sets/93/12-17-93.txt
stage3: unparseable dead-sets/93/12-18-93.txt
stage3: unparseable dead-sets/93/12-19-93.txt
stage3: 1994: 85 shows
stage3: unparseable dead-sets/94/2-25-94.txt
stage3: unparseable dead-sets/94/2-26-94.txt
stage3: unparseable dead-sets/94/2-27-94.txt
stage3: unparseable dead-sets/94/3-16-94.txt
stage3: unparseable dead-sets/94/3-17-94.txt
stage3: unparseable dead-sets/94/3-18-94.txt
stage3: unparseable dead-sets/94/3-20-94.txt
stage3: unparseable dead-sets/94/3-21-94.txt
stage3: unparseable dead-sets/94/3-23-94.txt
stage3: unparseable dead-sets/94/3-24-94.txt
stage3: unparseable dead-sets/94/3-25-94.txt
stage3: unparseable dead-sets/94/3-27-94.txt
stage3: unparseable dead-sets/94/3-28-94.txt
stage3: unparseable dead-sets/94/3-30-94.txt
stage3: unparseable dead-sets/94/3-31-94.txt
stage3: unparseable dead-sets/94/3-4-94.txt
stage3: unparseable dead-sets/94/3-5-94.txt
stage3: unparseable dead-sets/94/3-6-94.txt
stage3: unparseable dead-sets/94/4-1-94.txt
stage3: unparseable dead-sets/94/4-4-94.txt
stage3: unparseable dead-sets/94/4-6-94.txt
stage3: unparseable dead-sets/94/4-7-94.txt
stage3: unparseable dead-sets/94/4-8-94.txt
stage3: unparseable dead-sets/94/6-8-94.txt
stage3: unparseable dead-sets/94/6-9-94.txt
stage3: unparseable dead-sets/94/6-10-94.txt
stage3: unparseable dead-sets/94/6-13-94.txt
stage3: unparseable dead-sets/94/6-14-94.txt
stage3: unparseable dead-sets/94/6-17-94.txt
stage3: unparseable dead-sets/94/6-18-94.txt
stage3: unparseable dead-sets/94/6-19-94.txt
stage3: unparseable dead-sets/94/6-24-94.txt
stage3: unparseable dead-sets/94/6-25-94.txt
stage3: unparseable dead-sets/94/6-26-94.txt
stage3: unparseable dead-sets/94/7-1-94.txt
stage3: unparseable dead-sets/94/7-2-94.txt
stage3: unparseable dead-sets/94/7-3-94.txt
stage3: unparseable dead-sets/94/7-13-94.txt
stage3: unparseable dead-sets/94/7-16-94.txt
stage3: unparseable dead-sets/94/7-17-94.txt
stage3: unparseable dead-sets/94/7-19-94.txt
stage3: unparseable dead-sets/94/7-20-94.txt
stage3: unparseable dead-sets/94/7-21-94.txt
stage3: unparseable dead-sets/94/7-23-94.txt
stage3: unparseable dead-sets/94/7-24-94.txt
stage3: unparseable dead-sets/94/7-26-94.txt
stage3: unparseable dead-sets/94/7-27-94.txt
stage3: unparseable dead-sets/94/7-29-94.txt
stage3: unparseable dead-sets/94/7-31-94.txt
stage3: unparseable dead-sets/94/8-1-94.txt
stage3: unparseable dead-sets/94/8-3-94.txt
stage3: unparseable dead-sets/94/8-4-94.txt
stage3: unparseable dead-sets/94/9-16-94.txt
stage3: unparseable dead-sets/94/9-17-94.txt
stage3: unparseable dead-sets/94/9-18-94.txt
stage3: unparseable dead-sets/94/9-24-94.txt
stage3: unparseable dead-sets/94/9-27-94.txt
stage3: unparseable dead-sets/94/9-28-94.txt
stage3: unparseable dead-sets/94/9-29-94.txt
stage3: unparseable dead-sets/94/10-1-94.txt
stage3: unparseable dead-sets/94/10-2-94.txt
stage3: unparseable dead-sets/94/10-3-94.txt
stage3: unparseable dead-sets/94/10-5-94.txt
stage3: unparseable dead-sets/94/10-6-94.txt
stage3: unparseable dead-sets/94/10-7-94.txt
stage3: unparseable dead-sets/94/10-9-94.txt
stage3: unparseable dead-sets/94/10-10-94.txt
stage3: unparseable dead-sets/94/10-11-94.txt
stage3: unparseable dead-sets/94/10-13-94.txt
stage3: unparseable dead-sets/94/10-14-94.txt
stage3: unparseable dead-sets/94/10-15-94.txt
stage3: unparseable dead-sets/94/10-17-94.txt
stage3: unparseable dead-sets/94/10-18-94.txt
stage3: unparseable dead-sets/94/10-19-94.txt
stage3: unparseable dead-sets/94/11-29-94.txt
stage3: unparseable dead-sets/94/11-30-94.txt
stage3: unparseable dead-sets/94/12-1-94.txt
stage3: unparseable dead-sets/94/12-8-94.txt
stage3: unparseable dead-sets/94/12-9-94.txt
stage3: unparseable dead-sets/94/12-11-94.txt
stage3: unparseable dead-sets/94/12-12-94.txt
stage3: unparseable dead-sets/94/12-15-94.txt
stage3: unparseable dead-sets/94/12-16-94.txt
stage3: unparseable dead-sets/94/12-18-94.txt
stage3: unparseable dead-sets/94/12-19-94.txt
stage3: 1995: 48 shows
stage3: unparseable dead-sets/95/2-19-95.txt
stage3: unparseable dead-sets/95/2-20-95.txt
stage3: unparseable dead-sets/95/2-21-95.txt
stage3: unparseable dead-sets/95/2-24-95.txt
stage3: unparseable dead-sets/95/2-25-95.txt
stage3: unparseable dead-sets/95/2-26-95.txt
stage3: unparseable dead-sets/95/3-17-95.txt
stage3: unparseable dead-sets/95/3-18-95.txt
stage3: unparseable dead-sets/95/3-19-95.txt
stage3: unparseable dead-sets/95/3-22-95.txt
stage3: unparseable dead-sets/95/3-23-95.txt
stage3: unparseable dead-sets/95/3-24-95.txt
stage3: unparseable dead-sets/95/3-26-95.txt
stage3: unparseable dead-sets/95/3-27-95.txt
stage3: unparseable dead-sets/95/3-29-95.txt
stage3: unparseable dead-sets/95/3-30-95.txt
stage3: unparseable dead-sets/95/4-1-95.txt
stage3: unparseable dead-sets/95/4-2-95.txt
stage3: unparseable dead-sets/95/4-4-95.txt
stage3: unparseable dead-sets/95/4-5-95.txt
stage3: unparseable dead-sets/95/4-7-95.txt
stage3: unparseable dead-sets/95/5-19-95.txt
stage3: unparseable dead-sets/95/5-20-95.txt
stage3: unparseable dead-sets/95/5-21-95.txt
stage3: unparseable dead-sets/95/5-24-95.txt
stage3: unparseable dead-sets/95/5-25-95.txt
stage3: unparseable dead-sets/95/5-26-95.txt
stage3: unparseable dead-sets/95/5-28-95.txt
stage3: unparseable dead-sets/95/5-29-95.txt
stage3: unparseable dead-sets/95/6-2-95.txt
stage3: unparseable dead-sets/95/6-3-95.txt
stage3: unparseable dead-sets/95/6-4-95.txt
stage3: unparseable dead-sets/95/6-15-95.txt
stage3: unparseable dead-sets/95/6-18-95.txt
stage3: unparseable dead-sets/95/6-19-95.txt
stage3: unparseable dead-sets/95/6-21-95.txt
stage3: unparseable dead-sets/95/6-22-95.txt
stage3: unparseable dead-sets/95/6-24-95.txt
stage3: unparseable dead-sets/95/6-25-95.txt
stage3: unparseable dead-sets/95/6-27-95.txt
stage3: unparseable dead-sets/95/6-28-95.txt
stage3: unparseable dead-sets/95/6-30-95.txt
stage3: unparseable dead-sets/95/7-2-95.txt
stage3: unparseable dead-sets/95/7-3-95.txt
stage3: unparseable dead-sets/95/7-5-95.txt
stage3: unparseable dead-sets/95/7-6-95.txt
stage3: unparseable dead-sets/95/7-8-95.txt
stage3: unparseable dead-sets/95/7-9-95.txt
stage3: 1388 setlists, 0 early/late dates, 216 failures
stage2: 18335 wanted, 0 cached, 18335 to fetch
stage2: 250/18335
stage2: 500/18335
