stage_images: 100 pages, 82 images
stage_images: 200 pages, 114 images
stage_images: FAILED https://jerrygarcia.com/show/1970-06-07-fillmore-west-san-francisco-ca-usa/: HTTP Error 500: Internal Server Error
stage_images: 300 pages, 161 images
stage_images: FAILED https://jerrygarcia.com/show/1971-07-02-fillmore-west-san-francisco-ca-2/: HTTP Error 500: Internal Server Error
stage_images: FAILED https://jerrygarcia.com/show/1971-08-21-mickey-harts-ranch-novato-ca/: HTTP Error 500: Internal Server Error
stage_images: 400 pages, 209 images
stage_images: FAILED https://jerrygarcia.com/show/1973-06-24-portland-memorial-coliseum-portland-or-usa/: HTTP Error 500: Internal Server Error
stage_images: FAILED https://jerrygarcia.com/show/1973-10-19-oklahoma-city-fairgrounds-arena-oklahoma-city-ok-usa/: HTTP Error 500: Internal Server Error
stage_images: 500 pages, 255 images
stage_images: 600 pages, 321 images
stage_images: FAILED https://jerrygarcia.com/show/1978-07-07-red-rocks-amphitheatre-morrison-co-usa/: HTTP Error 500: Internal Server Error
stage_images: 700 pages, 380 images
stage_images: 800 pages, 454 images
stage_images: 900 pages, 529 images
stage_images: 1000 pages, 611 images
stage_images: 1100 pages, 706 images
stage_images: 1200 pages, 806 images
stage_images: 1300 pages, 906 images
stage_images: 1400 pages, 1005 images
stage_images: FAILED https://jerrygarcia.com/show/1989-07-04-rich-stadium-buffalo-ny-usa/: HTTP Error 500: Internal Server Error
stage_images: 1500 pages, 1104 images
stage_images: FAILED https://jerrygarcia.com/show/1990-03-24-knickerbocker-arena-albany-ny-usa/: HTTP Error 500: Internal Server Error
stage_images: 1600 pages, 1204 images
stage_images: 1700 pages, 1302 images
stage_images: 1800 pages, 1401 images
stage_images: 1900 pages, 1501 images
stage_images: 1954 dates resolved, 1540 with an image (7 look like tickets)
